Microchip MPLAB XC8 Compiler V2.45

Linker command line:

-W-3 --edf=D:\MPLAB\Microchip\xc8\v2.45\pic\dat\20230818022343_en.msgs -cn \
  -h+dist/default/debug\pro_1.X.debug.sym \
  --cmf=dist/default/debug\pro_1.X.debug.cmf -z -Q16F877A \
  -oC:\Users\shubh\AppData\Local\Temp\xcAsduo.\driver_tmp_3.o \
  --defsym=__MPLAB_BUILD=1 --fixupoverflow=error \
  -Mdist/default/debug/pro_1.X.debug.map \
  --md=C:\Users\shubh\AppData\Local\Temp\xcAsduo.\driver_tmp_0.dat -E1 \
  -ver=XC8 Compiler --acfsm=1493 -ACODE=00h-07FFhx3,01800h-01EFFh \
  -ASTRCODE=00h-01EFFh -ASTRING=00h-0FFhx31 -ACONST=00h-0FFhx31 \
  -AENTRY=00h-0FFhx31 -ACOMMON=071h-07Fh -ABANK0=020h-06Fh \
  -ABANK1=0A0h-0EFh -ABANK2=0110h-016Fh -ABANK3=0190h-01E4h \
  -ARAM=020h-06Fh,0A0h-0EFh,0110h-016Fh,0190h-01E4h \
  -AABS1=020h-07Fh,0A0h-0EFh,0110h-016Fh,0190h-01EFh -ASFR0=00h-01Fh \
  -ASFR1=080h-09Fh -ASFR2=0100h-010Fh -ASFR3=0180h-018Fh \
  -ACONFIG=02007h-02007h -DCONFIG=2 -AIDLOC=02000h-02003h -DIDLOC=2 \
  -AEEDATA=00h-0FFh/02100h -peeprom_data=EEDATA -DEEDATA=2 -DCODE=2 \
  -DSTRCODE=2 -DSTRING=2 -DCONST=2 -DENTRY=2 \
  -preset_vec=00h,intentry,init,end_init -ppowerup=CODE -pcinit=CODE \
  -pfunctab=ENTRY -k \
  C:\Users\shubh\AppData\Local\Temp\xcAsduo.\driver_tmp_12.o \
  dist/default/debug\pro_1.X.debug.o 

Object code version is 3.11

Machine type is 16F877A



                Name                               Link     Load   Length Selector   Space Scale
C:\Users\shubh\AppData\Local\Temp\xcAsduo.\driver_tmp_12.o
                end_init                              1        1        3        0       0
                reset_vec                             0        0        1        0       0
                config                             2007     2007        1        0       4
dist/default/debug\pro_1.X.debug.o
                cinit                               7FC      7FC        4      FF8       0
                config                             2007     2007        1        0       4
                text5                               770      770       19      EE0       0
                text4                               789      789       19      F12       0
                text3                               7A2      7A2       19      F44       0
                text2                               7BB      7BB       1B      F76       0
                text1                               7D6      7D6       26      FAC       0
                maintext                            768      768        8      ED0       0
                cstackCOMMON                         71       71        7       71       1
                strings                               4        4       12        8       0

TOTAL           Name                               Link     Load   Length     Space
        CLASS   CODE           
                end_init                              1        1        3         0
                cinit                               7FC      7FC        4         0
                reset_vec                             0        0        1         0
                text5                               770      770       19         0
                text4                               789      789       19         0
                text3                               7A2      7A2       19         0
                text2                               7BB      7BB       1B         0
                text1                               7D6      7D6       26         0
                maintext                            768      768        8         0

        CLASS   STRCODE        

        CLASS   STRING         
                strings                               4        4       12         0

        CLASS   CONST          

        CLASS   ENTRY          

        CLASS   COMMON         
                cstackCOMMON                         71       71        7         1

        CLASS   BANK0          

        CLASS   BANK1          

        CLASS   BANK2          

        CLASS   BANK3          

        CLASS   RAM            

        CLASS   ABS1           
                abs_s1                               7E       7E        2         1

        CLASS   SFR0           

        CLASS   SFR1           

        CLASS   SFR2           

        CLASS   SFR3           

        CLASS   CONFIG         
                config                             2007     2007        1         4

        CLASS   IDLOC          

        CLASS   EEDATA         

        CLASS   HEAP           

        CLASS   STACK          



SEGMENTS        Name                           Load    Length   Top    Selector   Space  Class     Delta

                reset_vec                      000000  000004  000004         0       0  CODE        2
                strings                        000004  000012  000016         8       0  STRING      2
                cstackCOMMON                   000071  000007  000078        71       1  COMMON      1
                maintext                       000768  000008  000770       ED0       0  CODE        2
                text5                          000770  000019  000789       EE0       0  CODE        2
                text4                          000789  000019  0007A2       F12       0  CODE        2
                text3                          0007A2  000019  0007BB       F44       0  CODE        2
                text2                          0007BB  00001B  0007D6       F76       0  CODE        2
                text1                          0007D6  000026  0007FC       FAC       0  CODE        2
                cinit                          0007FC  000004  000800       FF8       0  CODE        2


UNUSED ADDRESS RANGES

        Name                Unused          Largest block    Delta
        BANK0            0020-006F             50           1
        BANK1            00A0-00EF             50           1
        BANK2            0110-016F             60           1
        BANK3            0190-01E4             55           1
        CODE             0016-0767            752           2
                         0800-1EFF            800
        COMMON           0078-007D              6           1
        CONST            0016-0767            100           2
                         0800-1EFF            100
        EEDATA           2100-21FF            100           2
        ENTRY            0016-0767            100           2
                         0800-1EFF            100
        IDLOC            2000-2003              4           2
        RAM              0020-006F             50           1
                         00A0-00EF             50
                         0110-016F             60
                         0190-01E4             55
        SFR0             0000-001F             20           1
        SFR1             0080-009F             20           1
        SFR2             0100-010F             10           1
        SFR3             0180-018F             10           1
        STRCODE          0016-0767            752           2
                         0800-1EFF           1700
        STRING           0016-0767            100           2
                         0800-1EFF            100

                                  Symbol Table

LCD_command@cmd          cstackCOMMON 0074
LCD_data@data            cstackCOMMON 0074
LCD_string@i             cstackCOMMON 0077
LCD_string@num           cstackCOMMON 0075
LCD_string@str           cstackCOMMON 0076
_LCD_command             text5        0770
_LCD_data                text3        07A2
_LCD_initialise          text4        0789
_LCD_run                 text1        07D6
_LCD_string              text2        07BB
_PORTC                   (abs)        0007
_PORTDbits               (abs)        0008
_TRISC                   (abs)        0087
_TRISD                   (abs)        0088
__H__absolute__          __absolute__ 0000
__Habs1                  abs1         0000
__Hbank0                 bank0        0000
__Hbank1                 bank1        0000
__Hbank2                 bank2        0000
__Hbank3                 bank3        0000
__Hcinit                 cinit        0800
__Hclrtext               clrtext      0000
__Hcode                  code         0000
__Hcommon                common       0000
__Hconfig                config       2008
__HcstackCOMMON          cstackCOMMON 0000
__Heeprom_data           eeprom_data  0000
__Hend_init              end_init     0004
__Hfunctab               functab      0000
__Hheap                  heap         0000
__Hinit                  init         0001
__Hintentry              intentry     0001
__Hmaintext              maintext     0000
__Hpowerup               powerup      0000
__Hram                   ram          0000
__Hreset_vec             reset_vec    0001
__Hsfr0                  sfr0         0000
__Hsfr1                  sfr1         0000
__Hsfr2                  sfr2         0000
__Hsfr3                  sfr3         0000
__Hspace_0               (abs)        0800
__Hspace_1               (abs)        0078
__Hspace_2               (abs)        0000
__Hspace_3               (abs)        0000
__Hspace_4               (abs)        400F
__Hstack                 stack        0000
__Hstrings               strings      0000
__Htext                  text         0000
__L__absolute__          __absolute__ 0000
__Labs1                  abs1         0000
__Lbank0                 bank0        0000
__Lbank1                 bank1        0000
__Lbank2                 bank2        0000
__Lbank3                 bank3        0000
__Lcinit                 cinit        07FC
__Lclrtext               clrtext      0000
__Lcode                  code         0000
__Lcommon                common       0000
__Lconfig                config       0000
__LcstackCOMMON          cstackCOMMON 0000
__Leeprom_data           eeprom_data  0000
__Lend_init              end_init     0001
__Lfunctab               functab      0000
__Lheap                  heap         0000
__Linit                  init         0001
__Lintentry              intentry     0001
__Lmaintext              maintext     0000
__Lpowerup               powerup      0000
__Lram                   ram          0000
__Lreset_vec             reset_vec    0000
__Lsfr0                  sfr0         0000
__Lsfr1                  sfr1         0000
__Lsfr2                  sfr2         0000
__Lsfr3                  sfr3         0000
__Lspace_0               (abs)        0000
__Lspace_1               (abs)        0000
__Lspace_2               (abs)        0000
__Lspace_3               (abs)        0000
__Lspace_4               (abs)        0000
__Lstack                 stack        0000
__Lstrings               strings      0000
__Ltext                  text         0000
__S0                     (abs)        0800
__S1                     (abs)        0078
__S3                     (abs)        0000
___heap_hi               (abs)        0000
___heap_lo               (abs)        0000
___int_sp                stack        0000
___int_stack_hi          stack        0000
___int_stack_lo          stack        0000
___latbits               (abs)        0002
___sp                    stack        0000
___stack_hi              stack        0000
___stack_lo              stack        0000
___stackhi               (abs)        0000
___stacklo               (abs)        0000
__end_of_LCD_command     text5        0789
__end_of_LCD_data        text3        07BB
__end_of_LCD_initialise  text4        07A2
__end_of_LCD_run         text1        07FC
__end_of_LCD_string      text2        07D6
__end_of__initialization cinit        07FC
__end_of__stringtab      strings      000A
__end_of_main            maintext     0770
__initialization         cinit        07FC
__pcstackCOMMON          cstackCOMMON 0071
__pmaintext              maintext     0768
__pstrings               strings      0004
__ptext1                 text1        07D6
__ptext2                 text2        07BB
__ptext3                 text3        07A2
__ptext4                 text4        0789
__ptext5                 text5        0770
__stringbase             strings      0009
__stringtab              strings      0004
_main                    maintext     0768
btemp                    (abs)        007E
end_of_initialization    cinit        07FC
intlevel0                functab      0000
intlevel1                functab      0000
intlevel2                functab      0000
intlevel3                functab      0000
intlevel4                functab      0000
intlevel5                functab      0000
reset_vec                reset_vec    0000
start                    init         0001
start_initialization     cinit        07FC
wtemp0                   (abs)        007E


MODULE INFORMATION

Module		Function		Class		Link	Load	Size
shared
		__stringtab    		STRING         	0004	0000	6
		__initialization		CODE           	07FC	0000	1

shared estimated size: 7

main.c
		_main          		CODE           	0768	0000	8
		_LCD_string    		CODE           	07BB	0000	27
		_LCD_command   		CODE           	0770	0000	25
		_LCD_data      		CODE           	07A2	0000	25
		_LCD_initialise		CODE           	0789	0000	25
		_LCD_run       		CODE           	07D6	0000	38

main.c estimated size: 148

